cargo :     Checking infra v0.1.0 
(D:\myFlow\kiosk-flow\backend\crates\infra)
At line:1 char:1
+ cargo check > build_output.txt 2>&1
+ ~~~~~~~~~~~~~~~~~~~~~~~~~~~~~~~~~~~
    + CategoryInfo          : NotSpecified: (    Checking in... 
   d\crates\infra):String) [], RemoteException
    + FullyQualifiedErrorId : NativeCommandError
 
error: error canonicalizing migration directory 
D:\myFlow\kiosk-flow\backend\crates\infra\./migrations: The 
system cannot find the file specified. (os error 2)
  --> crates\infra\src\db.rs:33:5
   |
33 |     sqlx::migrate!("./migrations")
   |     ^^^^^^^^^^^^^^^^^^^^^^^^^^^^^^
   |
   = note: this error originates in the macro 
`$crate::sqlx_macros::migrate` which comes from the expansion 
of the macro `sqlx::migrate` (in Nightly builds, run with -Z 
macro-backtrace for more info)

error: error occurred while attempting to establish a TLS 
connection: TLS upgrade required by connect options but SQLx 
was built without TLS support enabled
  --> crates\infra\src\repository.rs:27:20
   |
27 |           let user = sqlx::query_as!(
   |  ____________________^
28 | |             User,
29 | |             r#"
30 | |             SELECT id, tenant_id, branch_id, email, 
password_hash, full_name, role as "role: _", is_active, 
created_at, updated_at
...  |
34 | |             id
35 | |         )
   | |_________^
   |
   = note: this error originates in the macro 
`$crate::sqlx_macros::expand_query` which comes from the 
expansion of the macro `sqlx::query_as` (in Nightly builds, run 
with -Z macro-backtrace for more info)

error: error occurred while attempting to establish a TLS 
connection: TLS upgrade required by connect options but SQLx 
was built without TLS support enabled
  --> crates\infra\src\repository.rs:46:20
   |
46 |           let user = sqlx::query_as!(
   |  ____________________^
47 | |             User,
48 | |             r#"
49 | |             SELECT id, tenant_id, branch_id, email, 
password_hash, full_name, role as "role: _", is_active, 
created_at, updated_at
...  |
53 | |             email
54 | |         )
   | |_________^
   |
   = note: this error originates in the macro 
`$crate::sqlx_macros::expand_query` which comes from the 
expansion of the macro `sqlx::query_as` (in Nightly builds, run 
with -Z macro-backtrace for more info)

error: error occurred while attempting to establish a TLS 
connection: TLS upgrade required by connect options but SQLx 
was built without TLS support enabled
  --> crates\infra\src\repository.rs:66:13
   |
66 | / ...   sqlx::query_as!(
67 | | ...       User,
68 | | ...       r#"
69 | | ...       SELECT id, tenant_id, branch_id, email, 
password_hash, full_name, role as "role: _", is_active, 
created_at, updated_at
...  |
73 | | ...       b_id
74 | | ...   )
   | |_______^
   |
   = note: this error originates in the macro 
`$crate::sqlx_macros::expand_query` which comes from the 
expansion of the macro `sqlx::query_as` (in Nightly builds, run 
with -Z macro-backtrace for more info)

error: error occurred while attempting to establish a TLS 
connection: TLS upgrade required by connect options but SQLx 
was built without TLS support enabled
  --> crates\infra\src\repository.rs:78:13
   |
78 | / ...   sqlx::query_as!(
79 | | ...       User,
80 | | ...       r#"
81 | | ...       SELECT id, tenant_id, branch_id, email, 
password_hash, full_name, role as "role: _", is_active, 
created_at, updated_at
82 | | ...       FROM users
83 | | ...       "#
84 | | ...   )
   | |_______^
   |
   = note: this error originates in the macro 
`$crate::sqlx_macros::expand_query` which comes from the 
expansion of the macro `sqlx::query_as` (in Nightly builds, run 
with -Z macro-backtrace for more info)

error: error occurred while attempting to establish a TLS 
connection: TLS upgrade required by connect options but SQLx 
was built without TLS support enabled
   --> crates\infra\src\repository.rs:96:28
    |
 96 |           let created_user = sqlx::query_as!(
    |  ____________________________^
 97 | |             User,
 98 | |             r#"
 99 | |             INSERT INTO users (id, tenant_id, 
branch_id, email, password_hash, full_name, role, is_active)
...   |
110 | |             user.is_active
111 | |         )
    | |_________^
    |
    = note: this error originates in the macro 
`$crate::sqlx_macros::expand_query` which comes from the 
expansion of the macro `sqlx::query_as` (in Nightly builds, run 
with -Z macro-backtrace for more info)

error: error occurred while attempting to establish a TLS 
connection: TLS upgrade required by connect options but SQLx 
was built without TLS support enabled
   --> crates\infra\src\repository.rs:123:28
    |
123 |           let updated_user = sqlx::query_as!(
    |  ____________________________^
124 | |             User,
125 | |             r#"
126 | |             UPDATE users 
...   |
138 | |             user_id
139 | |         )
    | |_________^
    |
    = note: this error originates in the macro 
`$crate::sqlx_macros::expand_query` which comes from the 
expansion of the macro `sqlx::query_as` (in Nightly builds, run 
with -Z macro-backtrace for more info)

error: error occurred while attempting to establish a TLS 
connection: TLS upgrade required by connect options but SQLx 
was built without TLS support enabled
   --> crates\infra\src\repository.rs:150:9
    |
150 |         sqlx::query!("DELETE FROM users WHERE id = $1", 
id)
    |         
^^^^^^^^^^^^^^^^^^^^^^^^^^^^^^^^^^^^^^^^^^^^^^^^^^^
    |
    = note: this error originates in the macro 
`$crate::sqlx_macros::expand_query` which comes from the 
expansion of the macro `sqlx::query` (in Nightly builds, run 
with -Z macro-backtrace for more info)

error[E0433]: cannot find module or crate `argon2` in this scope
 --> crates\infra\src\security.rs:1:5
  |
1 | use argon2::{
  |     ^^^^^^ use of unresolved module or unlinked crate 
`argon2`
  |
  = help: if you wanted to use a crate named `argon2`, use 
`cargo add argon2` to add it to your `Cargo.toml`

error[E0432]: unresolved import `argon2`
 --> crates\infra\src\security.rs:1:5
  |
1 | use argon2::{
  |     ^^^^^^ use of unresolved module or unlinked crate 
`argon2`
  |
  = help: if you wanted to use a crate named `argon2`, use 
`cargo add argon2` to add it to your `Cargo.toml`

error[E0432]: unresolved import `jsonwebtoken`
 --> crates\infra\src\security.rs:5:5
  |
5 | use jsonwebtoken::{decode, encode, DecodingKey, 
EncodingKey, Header, Validation};
  |     ^^^^^^^^^^^^ use of unresolved module or unlinked crate 
`jsonwebtoken`
  |
  = help: if you wanted to use a crate named `jsonwebtoken`, 
use `cargo add jsonwebtoken` to add it to your `Cargo.toml`

error[E0432]: unresolved import `serde`
 --> crates\infra\src\security.rs:6:5
  |
6 | use serde::{Deserialize, Serialize};
  |     ^^^^^
  |
help: a similar path exists
  |
6 | use uuid::serde::{Deserialize, Serialize};
  |     ++++++

error[E0432]: unresolved import `chrono`
 --> crates\infra\src\security.rs:7:5
  |
7 | use chrono::{Utc, Duration};
  |     ^^^^^^ use of unresolved module or unlinked crate 
`chrono`
  |
  = help: if you wanted to use a crate named `chrono`, use 
`cargo add chrono` to add it to your `Cargo.toml`

error[E0425]: cannot find type `Request` in this scope
 --> crates\infra\src\middleware.rs:5:49
  |
5 | pub fn extract_tenant_from_request<T>(request: &Request<T>) 
-> Result<String, Status> {
  |                                                 ^^^^^^^ not 
found in this scope

error[E0425]: cannot find type `Status` in this scope
 --> crates\infra\src\middleware.rs:5:79
  |
5 | pub fn extract_tenant_from_request<T>(request: &Request<T>) 
-> Result<String, Status> {
  |                                                             
                  ^^^^^^ not found in this scope
  |
help: you might be missing a type parameter
  |
5 | pub fn extract_tenant_from_request<T, Status>(request: 
&Request<T>) -> Result<String, Status> {
  |                                     ++++++++

error[E0425]: cannot find type `Request` in this scope
  --> crates\infra\src\middleware.rs:30:34
   |
30 | pub fn auth_interceptor(mut req: Request<()>) -> 
Result<Request<()>, Status> {
   |                                  ^^^^^^^ not found in this 
scope

error[E0425]: cannot find type `Request` in this scope
  --> crates\infra\src\middleware.rs:30:57
   |
30 | pub fn auth_interceptor(mut req: Request<()>) -> 
Result<Request<()>, Status> {
   |                                                         
^^^^^^^ not found in this scope

error[E0425]: cannot find type `Status` in this scope
  --> crates\infra\src\middleware.rs:30:70
   |
30 | pub fn auth_interceptor(mut req: Request<()>) -> 
Result<Request<()>, Status> {
   |                                                            
          ^^^^^^ not found in this scope
   |
help: you might be missing a type parameter
   |
30 | pub fn auth_interceptor<Status>(mut req: Request<()>) -> 
Result<Request<()>, Status> {
   |                        ++++++++

warning: unused import: `error`
 --> crates\infra\src\cache.rs:4:21
  |
4 | use tracing::{info, error};
  |                     ^^^^^
  |
  = note: `#[warn(unused_imports)]` (part of `#[warn(unused)]`) 
on by default

warning: unused import: `Claims`
 --> crates\infra\src\middleware.rs:1:40
  |
1 | use crate::security::{SecurityService, Claims};
  |                                        ^^^^^^

error[E0433]: cannot find type `Status` in this scope
  --> crates\infra\src\middleware.rs:19:24
   |
19 |         .ok_or_else(|| Status::unauthenticated("Missing 
Host/Authority or x-tenant-id header"))?;
   |                        ^^^^^^ use of undeclared type 
`Status`

error[E0433]: cannot find type `Status` in this scope
  --> crates\infra\src\middleware.rs:23:20
   |
23 |         return Err(Status::invalid_argument("Invalid Host 
format"));
   |                    ^^^^^^ use of undeclared type `Status`

Some errors have detailed explanations: E0425, E0432, E0433.
For more information about an error, try `rustc --explain 
E0425`.
warning: `infra` (lib) generated 2 warnings
error: could not compile `infra` (lib) due to 20 previous 
errors; 2 warnings emitted
