﻿cargo : warning: unused imports: `Deserialize` and `Serialize`
At line:1 char:1
+ cargo check 2> errors.txt; Get-Content errors.txt -TotalCount 100
+ ~~~~~~~~~~~~~~~~~~~~~~~~~
    + CategoryInfo          : NotSpecified: (warning: unused...and `Serialize`:String) [], RemoteException
    + FullyQualifiedErrorId : NativeCommandError
 
 --> crates\domain\src\models\order.rs:1:13
  |
1 | use serde::{Deserialize, Serialize};
  |             ^^^^^^^^^^^  ^^^^^^^^^
  |
  = note: `#[warn(unused_imports)]` (part of `#[warn(unused)]`) on by default

warning: `domain` (lib) generated 1 warning (run `cargo fix --lib -p domain` to apply 1 suggestion)
    Checking infra v0.1.0 (D:\myFlow\kiosk-flow\backend\crates\infra)
error: error returned from database: relation "daily_sequences" does not exist
   --> crates\infra\src\repository.rs:752:19
    |
752 |           let row = sqlx::query!(
    |  ___________________^
753 | |             r#"
754 | |             INSERT INTO daily_sequences (branch_id, seq_date, last_value)
755 | |             VALUES ($1, $2, 1)
...   |
761 | |             today
762 | |         )
    | |_________^
    |
    = note: this error originates in the macro `$crate::sqlx_macros::expand_query` which comes from the expansion of 
the macro `sqlx::query` (in Nightly builds, run with -Z macro-backtrace for more info)

error: error returned from database: relation "orders" does not exist
   --> crates\infra\src\repository.rs:777:29
    |
777 |   ...   let created_order = sqlx::query_as!(
    |  ___________________________^
778 | | ...       Order,
779 | | ...       r#"
780 | | ...       INSERT INTO orders (id, tenant_id, branch_id, table_id, order_number, status, customer_name, 
subtotal, tax_amount, disc...
...   |
796 | | ...       order.created_by
797 | | ...   )
    | |_______^
    |
    = note: this error originates in the macro `$crate::sqlx_macros::expand_query` which comes from the expansion of 
the macro `sqlx::query_as` (in Nightly builds, run with -Z macro-backtrace for more info)

error: error returned from database: relation "order_items" does not exist
   --> crates\infra\src\repository.rs:803:32
    |
803 |   ...   let created_item = sqlx::query_as!(
    |  __________________________^
804 | | ...       OrderItem,
805 | | ...       r#"
806 | | ...       INSERT INTO order_items (id, order_id, tenant_id, product_id, product_name, unit_price, quantity, 
subtotal, note, status)
...   |
819 | | ...       item.status as _
820 | | ...   )
    | |_______^
    |
    = note: this error originates in the macro `$crate::sqlx_macros::expand_query` which comes from the expansion of 
the macro `sqlx::query_as` (in Nightly builds, run with -Z macro-backtrace for more info)

error: error returned from database: relation "order_item_toppings" does not exist
   --> crates\infra\src\repository.rs:825:17
    |
825 | /                 sqlx::query!(
826 | |                     r#"
827 | |                     INSERT INTO order_item_toppings (id, order_item_id, tenant_id, topping_id, name, price)
828 | |                     VALUES ($1, $2, $3, $4, $5, $6)
...   |
835 | |                     topping.price
836 | |                 )
    | |_________________^
    |
    = note: this error originates in the macro `$crate::sqlx_macros::expand_query` which comes from the expansion of 
the macro `sqlx::query` (in Nightly builds, run with -Z macro-backtrace for more info)

error: error returned from database: relation "orders" does not exist
   --> crates\infra\src\repository.rs:849:21
    |
849 |   ...   let order = sqlx::query_as!(
    |  ___________________^
850 | | ...       Order,
851 | | ...       r#"
852 | | ...       SELECT id, tenant_id, branch_id, table_id, order_number, status as "status: _", customer_name, 
subtotal as "subtotal!",...
...   |
855 | | ...       id
856 | | ...   )
    | |_______^
    |
    = note: this error originates in the macro `$crate::sqlx_macros::expand_query` which comes from the expansion of 
the macro `sqlx::query_as` (in Nightly builds, run with -Z macro-backtrace for more info)

error: error returned from database: relation "order_items" does not exist
   --> crates\infra\src\repository.rs:861:30
    |
861 |   ...   let items_data = sqlx::query_as!(
    |  ________________________^
862 | | ...       OrderItem,
863 | | ...       r#"
864 | | ...       SELECT id, order_id, tenant_id, product_id, product_name, unit_price as "unit_price!", quantity, 
subtotal as "subtotal!...
...   |
867 | | ...       order.id
868 | | ...   )
    | |_______^
    |
    = note: this error originates in the macro `$crate::sqlx_macros::expand_query` which comes from the expansion of 
the macro `sqlx::query_as` (in Nightly builds, run with -Z macro-backtrace for more info)

error: error returned from database: relation "order_item_toppings" does not exist
   --> crates\infra\src\repository.rs:874:32
    |
874 |                   let toppings = sqlx::query_as!(
    |  ________________________________^
875 | |                     OrderItemTopping,
876 | |                     r#"
877 | |                     SELECT id, order_item_id, tenant_id, topping_id, name, price as "price!"
...   |
880 | |                     item.id
881 | |                 )
    | |_________________^
    |
    = note: this error originates in the macro `$crate::sqlx_macros::expand_query` which comes from the expansion of 
the macro `sqlx::query_as` (in Nightly builds, run with -Z macro-backtrace for more info)

error: error returned from database: relation "orders" does not exist
   --> crates\infra\src\repository.rs:904:23
    |
904 |           let updated = sqlx::query_as!(
    |  _______________________^
905 | |             Order,
906 | |             r#"
907 | |             UPDATE orders
...   |
914 | |             id
915 | |         )
    | |_________^
    |
    = note: this error originates in the macro `$crate::sqlx_macros::expand_query` which comes from the expansion of 
the macro `sqlx::query_as` (in Nightly builds, run with -Z macro-backtrace for more info)

error: error returned from database: relation "orders" does not exist
   --> crates\infra\src\repository.rs:927:13
    |
927 | / ...   sqlx::query_as!(
928 | | ...       Order,
929 | | ...       r#"
930 | | ...       SELECT id, tenant_id, branch_id, table_id, order_number, status as "status: _", customer_name, 
subtotal as "subtotal!",...
...   |
939 | | ...       offset
940 | | ...   )
    | |_______^
    |
    = note: this error originates in the macro `$crate::sqlx_macros::expand_query` which comes from the expansion of 
the macro `sqlx::query_as` (in Nightly builds, run with -Z macro-backtrace for more info)

error: error returned from database: relation "orders" does not exist
   --> crates\infra\src\repository.rs:944:13
    |
944 | / ...   sqlx::query_as!(
945 | | ...       Order,
946 | | ...       r#"
947 | | ...       SELECT id, tenant_id, branch_id, table_id, order_number, status as "status: _", customer_name, 
subtotal as "subtotal!",...
...   |
955 | | ...       offset
956 | | ...   )
    | |_______^
    |
    = note: this error originates in the macro `$crate::sqlx_macros::expand_query` which comes from the expansion of 
the macro `sqlx::query_as` (in Nightly builds, run with -Z macro-backtrace for more info)

warning: unused import: `OrderItemStatus`
 --> crates\infra\src\repository.rs:6:78
  |
6 | use domain::models::order::{Order, OrderItem, OrderItemTopping, OrderStatus, OrderItemStatus};
  |                                                                              ^^^^^^^^^^^^^^^
  |
  = note: `#[warn(unused_imports)]` (part of `#[warn(unused)]`) on by default

warning: `infra` (lib) generated 1 warning
error: could not compile `infra` (lib) due to 10 previous errors; 1 warning emitted
